---
http_interactions:
- request:
    method: get
    uri: https://api.themoviedb.org/3/movie/11?api_key=<movie_api_key>
    body:
      encoding: US-ASCII
      string: ''
    headers:
      User-Agent:
      - Faraday v2.7.1
      Accept-Encoding:
      - gzip;q=1.0,deflate;q=0.6,identity;q=0.3
      Accept:
      - "*/*"
  response:
    status:
      code: 200
      message: OK
    headers:
      Content-Type:
      - application/json;charset=utf-8
      Transfer-Encoding:
      - chunked
      Connection:
      - keep-alive
      Date:
      - Fri, 02 Dec 2022 01:05:01 GMT
      Server:
      - openresty
      Cache-Control:
      - public, max-age=28800
      X-Memc:
      - HIT
      X-Memc-Key:
      - 7688a8b40b3d4871388fc7b0d863ea192783cd4e
      X-Memc-Age:
      - '5072'
      X-Memc-Expires:
      - '9535'
      Etag:
      - W/"2cee8bd1642b9a372941660bdf3e3aca"
      Vary:
      - Accept-Encoding,Accept-Encoding,Accept-Encoding
      - Origin
      X-Cache:
      - Hit from cloudfront
      Via:
      - 1.1 96971091469e558c8f8e351ccf0d7212.cloudfront.net (CloudFront)
      X-Amz-Cf-Pop:
      - DEN52-P2
      Alt-Svc:
      - h3=":443"; ma=86400
      X-Amz-Cf-Id:
      - "-rNhyp_Ar5rQ7K-cTnU-qNKA9rUgCggsbUWDARoy1RT3sWEdboVXkA=="
      Age:
      - '4622'
    body:
      encoding: ASCII-8BIT
      string: '{"adult":false,"backdrop_path":"/xV7Kfz4TW3hN6q4xtZgu5vduBHA.jpg","belongs_to_collection":{"id":10,"name":"Star
        Wars Collection","poster_path":"/gq5Wi7i4SF3lo4HHkJasDV95xI9.jpg","backdrop_path":"/d8duYyyC9J5T825Hg7grmaabfxQ.jpg"},"budget":11000000,"genres":[{"id":12,"name":"Adventure"},{"id":28,"name":"Action"},{"id":878,"name":"Science
        Fiction"}],"homepage":"http://www.starwars.com/films/star-wars-episode-iv-a-new-hope","id":11,"imdb_id":"tt0076759","original_language":"en","original_title":"Star
        Wars","overview":"Princess Leia is captured and held hostage by the evil Imperial
        forces in their effort to take over the galactic Empire. Venturesome Luke
        Skywalker and dashing captain Han Solo team together with the loveable robot
        duo R2-D2 and C-3PO to rescue the beautiful princess and restore peace and
        justice in the Empire.","popularity":65.71,"poster_path":"/6FfCtAuVAW8XJjZ7eWeLibRLWTw.jpg","production_companies":[{"id":1,"logo_path":"/o86DbpburjxrqAzEDhXZcyE8pDb.png","name":"Lucasfilm
        Ltd.","origin_country":"US"},{"id":25,"logo_path":"/qZCc1lty5FzX30aOCVRBLzaVmcp.png","name":"20th
        Century Fox","origin_country":"US"}],"production_countries":[{"iso_3166_1":"US","name":"United
        States of America"}],"release_date":"1977-05-25","revenue":775398007,"runtime":121,"spoken_languages":[{"english_name":"English","iso_639_1":"en","name":"English"}],"status":"Released","tagline":"A
        long time ago in a galaxy far, far away...","title":"Star Wars","video":false,"vote_average":8.206,"vote_count":17944}'
  recorded_at: Fri, 02 Dec 2022 02:22:04 GMT
- request:
    method: get
    uri: https://api.themoviedb.org/3/movie/11?api_key=<movie_api_key>
    body:
      encoding: US-ASCII
      string: ''
    headers:
      User-Agent:
      - Faraday v2.7.1
      Accept-Encoding:
      - gzip;q=1.0,deflate;q=0.6,identity;q=0.3
      Accept:
      - "*/*"
  response:
    status:
      code: 200
      message: OK
    headers:
      Content-Type:
      - application/json;charset=utf-8
      Transfer-Encoding:
      - chunked
      Connection:
      - keep-alive
      Date:
      - Fri, 02 Dec 2022 01:05:01 GMT
      Server:
      - openresty
      Cache-Control:
      - public, max-age=28800
      X-Memc:
      - HIT
      X-Memc-Key:
      - 7688a8b40b3d4871388fc7b0d863ea192783cd4e
      X-Memc-Age:
      - '5072'
      X-Memc-Expires:
      - '9535'
      Etag:
      - W/"2cee8bd1642b9a372941660bdf3e3aca"
      Vary:
      - Accept-Encoding,Accept-Encoding,Accept-Encoding
      - Origin
      X-Cache:
      - Hit from cloudfront
      Via:
      - 1.1 422414d66021e4e123bcb2b5087f7042.cloudfront.net (CloudFront)
      X-Amz-Cf-Pop:
      - DEN52-P2
      Alt-Svc:
      - h3=":443"; ma=86400
      X-Amz-Cf-Id:
      - 6uBELlYaDVgLZTgTJioa4QxreBQVOT5rYxdvks-mkN3uKGRURYZJ2w==
      Age:
      - '4622'
    body:
      encoding: ASCII-8BIT
      string: '{"adult":false,"backdrop_path":"/xV7Kfz4TW3hN6q4xtZgu5vduBHA.jpg","belongs_to_collection":{"id":10,"name":"Star
        Wars Collection","poster_path":"/gq5Wi7i4SF3lo4HHkJasDV95xI9.jpg","backdrop_path":"/d8duYyyC9J5T825Hg7grmaabfxQ.jpg"},"budget":11000000,"genres":[{"id":12,"name":"Adventure"},{"id":28,"name":"Action"},{"id":878,"name":"Science
        Fiction"}],"homepage":"http://www.starwars.com/films/star-wars-episode-iv-a-new-hope","id":11,"imdb_id":"tt0076759","original_language":"en","original_title":"Star
        Wars","overview":"Princess Leia is captured and held hostage by the evil Imperial
        forces in their effort to take over the galactic Empire. Venturesome Luke
        Skywalker and dashing captain Han Solo team together with the loveable robot
        duo R2-D2 and C-3PO to rescue the beautiful princess and restore peace and
        justice in the Empire.","popularity":65.71,"poster_path":"/6FfCtAuVAW8XJjZ7eWeLibRLWTw.jpg","production_companies":[{"id":1,"logo_path":"/o86DbpburjxrqAzEDhXZcyE8pDb.png","name":"Lucasfilm
        Ltd.","origin_country":"US"},{"id":25,"logo_path":"/qZCc1lty5FzX30aOCVRBLzaVmcp.png","name":"20th
        Century Fox","origin_country":"US"}],"production_countries":[{"iso_3166_1":"US","name":"United
        States of America"}],"release_date":"1977-05-25","revenue":775398007,"runtime":121,"spoken_languages":[{"english_name":"English","iso_639_1":"en","name":"English"}],"status":"Released","tagline":"A
        long time ago in a galaxy far, far away...","title":"Star Wars","video":false,"vote_average":8.206,"vote_count":17944}'
  recorded_at: Fri, 02 Dec 2022 02:22:04 GMT
- request:
    method: get
    uri: https://api.themoviedb.org/3/movie/11?api_key=<movie_api_key>
    body:
      encoding: US-ASCII
      string: ''
    headers:
      User-Agent:
      - Faraday v2.7.1
      Accept-Encoding:
      - gzip;q=1.0,deflate;q=0.6,identity;q=0.3
      Accept:
      - "*/*"
  response:
    status:
      code: 200
      message: OK
    headers:
      Content-Type:
      - application/json;charset=utf-8
      Transfer-Encoding:
      - chunked
      Connection:
      - keep-alive
      Date:
      - Fri, 02 Dec 2022 01:05:01 GMT
      Server:
      - openresty
      Cache-Control:
      - public, max-age=28800
      X-Memc:
      - HIT
      X-Memc-Key:
      - 7688a8b40b3d4871388fc7b0d863ea192783cd4e
      X-Memc-Age:
      - '5072'
      X-Memc-Expires:
      - '9535'
      Etag:
      - W/"2cee8bd1642b9a372941660bdf3e3aca"
      Vary:
      - Accept-Encoding,Accept-Encoding,Accept-Encoding
      - Origin
      X-Cache:
      - Hit from cloudfront
      Via:
      - 1.1 f9a5caa2a18f480171fad57618db559e.cloudfront.net (CloudFront)
      X-Amz-Cf-Pop:
      - DEN52-P2
      Alt-Svc:
      - h3=":443"; ma=86400
      X-Amz-Cf-Id:
      - xtQFtlaKbFwaeJRUoHOlyhO1GENzKB3hHLAe-WJdSmgZAYE6DoCObw==
      Age:
      - '4622'
    body:
      encoding: ASCII-8BIT
      string: '{"adult":false,"backdrop_path":"/xV7Kfz4TW3hN6q4xtZgu5vduBHA.jpg","belongs_to_collection":{"id":10,"name":"Star
        Wars Collection","poster_path":"/gq5Wi7i4SF3lo4HHkJasDV95xI9.jpg","backdrop_path":"/d8duYyyC9J5T825Hg7grmaabfxQ.jpg"},"budget":11000000,"genres":[{"id":12,"name":"Adventure"},{"id":28,"name":"Action"},{"id":878,"name":"Science
        Fiction"}],"homepage":"http://www.starwars.com/films/star-wars-episode-iv-a-new-hope","id":11,"imdb_id":"tt0076759","original_language":"en","original_title":"Star
        Wars","overview":"Princess Leia is captured and held hostage by the evil Imperial
        forces in their effort to take over the galactic Empire. Venturesome Luke
        Skywalker and dashing captain Han Solo team together with the loveable robot
        duo R2-D2 and C-3PO to rescue the beautiful princess and restore peace and
        justice in the Empire.","popularity":65.71,"poster_path":"/6FfCtAuVAW8XJjZ7eWeLibRLWTw.jpg","production_companies":[{"id":1,"logo_path":"/o86DbpburjxrqAzEDhXZcyE8pDb.png","name":"Lucasfilm
        Ltd.","origin_country":"US"},{"id":25,"logo_path":"/qZCc1lty5FzX30aOCVRBLzaVmcp.png","name":"20th
        Century Fox","origin_country":"US"}],"production_countries":[{"iso_3166_1":"US","name":"United
        States of America"}],"release_date":"1977-05-25","revenue":775398007,"runtime":121,"spoken_languages":[{"english_name":"English","iso_639_1":"en","name":"English"}],"status":"Released","tagline":"A
        long time ago in a galaxy far, far away...","title":"Star Wars","video":false,"vote_average":8.206,"vote_count":17944}'
  recorded_at: Fri, 02 Dec 2022 02:22:04 GMT
- request:
    method: get
    uri: https://api.themoviedb.org/3/movie/11?api_key=<movie_api_key>
    body:
      encoding: US-ASCII
      string: ''
    headers:
      User-Agent:
      - Faraday v2.7.1
      Accept-Encoding:
      - gzip;q=1.0,deflate;q=0.6,identity;q=0.3
      Accept:
      - "*/*"
  response:
    status:
      code: 200
      message: OK
    headers:
      Content-Type:
      - application/json;charset=utf-8
      Transfer-Encoding:
      - chunked
      Connection:
      - keep-alive
      Date:
      - Fri, 02 Dec 2022 01:05:01 GMT
      Server:
      - openresty
      Cache-Control:
      - public, max-age=28800
      X-Memc:
      - HIT
      X-Memc-Key:
      - 7688a8b40b3d4871388fc7b0d863ea192783cd4e
      X-Memc-Age:
      - '5072'
      X-Memc-Expires:
      - '9535'
      Etag:
      - W/"2cee8bd1642b9a372941660bdf3e3aca"
      Vary:
      - Accept-Encoding,Accept-Encoding,Accept-Encoding
      - Origin
      X-Cache:
      - Hit from cloudfront
      Via:
      - 1.1 bd96da9a6020f2a5d5499cedf78d68f2.cloudfront.net (CloudFront)
      X-Amz-Cf-Pop:
      - DEN52-P2
      Alt-Svc:
      - h3=":443"; ma=86400
      X-Amz-Cf-Id:
      - T_3IYrkYBivkS0kdShEK53O-e0sVSVRTNK6DJGX1oyhy51EUqOgpeA==
      Age:
      - '4623'
    body:
      encoding: ASCII-8BIT
      string: '{"adult":false,"backdrop_path":"/xV7Kfz4TW3hN6q4xtZgu5vduBHA.jpg","belongs_to_collection":{"id":10,"name":"Star
        Wars Collection","poster_path":"/gq5Wi7i4SF3lo4HHkJasDV95xI9.jpg","backdrop_path":"/d8duYyyC9J5T825Hg7grmaabfxQ.jpg"},"budget":11000000,"genres":[{"id":12,"name":"Adventure"},{"id":28,"name":"Action"},{"id":878,"name":"Science
        Fiction"}],"homepage":"http://www.starwars.com/films/star-wars-episode-iv-a-new-hope","id":11,"imdb_id":"tt0076759","original_language":"en","original_title":"Star
        Wars","overview":"Princess Leia is captured and held hostage by the evil Imperial
        forces in their effort to take over the galactic Empire. Venturesome Luke
        Skywalker and dashing captain Han Solo team together with the loveable robot
        duo R2-D2 and C-3PO to rescue the beautiful princess and restore peace and
        justice in the Empire.","popularity":65.71,"poster_path":"/6FfCtAuVAW8XJjZ7eWeLibRLWTw.jpg","production_companies":[{"id":1,"logo_path":"/o86DbpburjxrqAzEDhXZcyE8pDb.png","name":"Lucasfilm
        Ltd.","origin_country":"US"},{"id":25,"logo_path":"/qZCc1lty5FzX30aOCVRBLzaVmcp.png","name":"20th
        Century Fox","origin_country":"US"}],"production_countries":[{"iso_3166_1":"US","name":"United
        States of America"}],"release_date":"1977-05-25","revenue":775398007,"runtime":121,"spoken_languages":[{"english_name":"English","iso_639_1":"en","name":"English"}],"status":"Released","tagline":"A
        long time ago in a galaxy far, far away...","title":"Star Wars","video":false,"vote_average":8.206,"vote_count":17944}'
  recorded_at: Fri, 02 Dec 2022 02:22:05 GMT
- request:
    method: get
    uri: https://api.themoviedb.org/3/movie/11?api_key=<movie_api_key>
    body:
      encoding: US-ASCII
      string: ''
    headers:
      User-Agent:
      - Faraday v2.7.1
      Accept-Encoding:
      - gzip;q=1.0,deflate;q=0.6,identity;q=0.3
      Accept:
      - "*/*"
  response:
    status:
      code: 200
      message: OK
    headers:
      Content-Type:
      - application/json;charset=utf-8
      Transfer-Encoding:
      - chunked
      Connection:
      - keep-alive
      Date:
      - Fri, 02 Dec 2022 01:05:01 GMT
      Server:
      - openresty
      Cache-Control:
      - public, max-age=28800
      X-Memc:
      - HIT
      X-Memc-Key:
      - 7688a8b40b3d4871388fc7b0d863ea192783cd4e
      X-Memc-Age:
      - '5072'
      X-Memc-Expires:
      - '9535'
      Etag:
      - W/"2cee8bd1642b9a372941660bdf3e3aca"
      Vary:
      - Accept-Encoding,Accept-Encoding,Accept-Encoding
      - Origin
      X-Cache:
      - Hit from cloudfront
      Via:
      - 1.1 d9fe97589e952f97209f7a422c89d876.cloudfront.net (CloudFront)
      X-Amz-Cf-Pop:
      - DEN52-P2
      Alt-Svc:
      - h3=":443"; ma=86400
      X-Amz-Cf-Id:
      - nsRpfwcv2NUeBwGgtUOwyN6TRTCMFEyu_VMOaloBk_YmhjRlhLLppg==
      Age:
      - '4623'
    body:
      encoding: ASCII-8BIT
      string: '{"adult":false,"backdrop_path":"/xV7Kfz4TW3hN6q4xtZgu5vduBHA.jpg","belongs_to_collection":{"id":10,"name":"Star
        Wars Collection","poster_path":"/gq5Wi7i4SF3lo4HHkJasDV95xI9.jpg","backdrop_path":"/d8duYyyC9J5T825Hg7grmaabfxQ.jpg"},"budget":11000000,"genres":[{"id":12,"name":"Adventure"},{"id":28,"name":"Action"},{"id":878,"name":"Science
        Fiction"}],"homepage":"http://www.starwars.com/films/star-wars-episode-iv-a-new-hope","id":11,"imdb_id":"tt0076759","original_language":"en","original_title":"Star
        Wars","overview":"Princess Leia is captured and held hostage by the evil Imperial
        forces in their effort to take over the galactic Empire. Venturesome Luke
        Skywalker and dashing captain Han Solo team together with the loveable robot
        duo R2-D2 and C-3PO to rescue the beautiful princess and restore peace and
        justice in the Empire.","popularity":65.71,"poster_path":"/6FfCtAuVAW8XJjZ7eWeLibRLWTw.jpg","production_companies":[{"id":1,"logo_path":"/o86DbpburjxrqAzEDhXZcyE8pDb.png","name":"Lucasfilm
        Ltd.","origin_country":"US"},{"id":25,"logo_path":"/qZCc1lty5FzX30aOCVRBLzaVmcp.png","name":"20th
        Century Fox","origin_country":"US"}],"production_countries":[{"iso_3166_1":"US","name":"United
        States of America"}],"release_date":"1977-05-25","revenue":775398007,"runtime":121,"spoken_languages":[{"english_name":"English","iso_639_1":"en","name":"English"}],"status":"Released","tagline":"A
        long time ago in a galaxy far, far away...","title":"Star Wars","video":false,"vote_average":8.206,"vote_count":17944}'
  recorded_at: Fri, 02 Dec 2022 02:22:05 GMT
- request:
    method: get
    uri: https://api.themoviedb.org/3/movie/11?api_key=<movie_api_key>
    body:
      encoding: US-ASCII
      string: ''
    headers:
      User-Agent:
      - Faraday v2.7.1
      Accept-Encoding:
      - gzip;q=1.0,deflate;q=0.6,identity;q=0.3
      Accept:
      - "*/*"
  response:
    status:
      code: 200
      message: OK
    headers:
      Content-Type:
      - application/json;charset=utf-8
      Transfer-Encoding:
      - chunked
      Connection:
      - keep-alive
      Date:
      - Fri, 02 Dec 2022 01:05:01 GMT
      Server:
      - openresty
      Cache-Control:
      - public, max-age=28800
      X-Memc:
      - HIT
      X-Memc-Key:
      - 7688a8b40b3d4871388fc7b0d863ea192783cd4e
      X-Memc-Age:
      - '5072'
      X-Memc-Expires:
      - '9535'
      Etag:
      - W/"2cee8bd1642b9a372941660bdf3e3aca"
      Vary:
      - Accept-Encoding,Accept-Encoding,Accept-Encoding
      - Origin
      X-Cache:
      - Hit from cloudfront
      Via:
      - 1.1 9b688924e5b0f0b5e4c639d19cb145f0.cloudfront.net (CloudFront)
      X-Amz-Cf-Pop:
      - DEN52-P2
      Alt-Svc:
      - h3=":443"; ma=86400
      X-Amz-Cf-Id:
      - _383615a9KW3scNHER2uALLbBtzytszwo5Cu-35VBBgS2ZnVAcvHmQ==
      Age:
      - '4623'
    body:
      encoding: ASCII-8BIT
      string: '{"adult":false,"backdrop_path":"/xV7Kfz4TW3hN6q4xtZgu5vduBHA.jpg","belongs_to_collection":{"id":10,"name":"Star
        Wars Collection","poster_path":"/gq5Wi7i4SF3lo4HHkJasDV95xI9.jpg","backdrop_path":"/d8duYyyC9J5T825Hg7grmaabfxQ.jpg"},"budget":11000000,"genres":[{"id":12,"name":"Adventure"},{"id":28,"name":"Action"},{"id":878,"name":"Science
        Fiction"}],"homepage":"http://www.starwars.com/films/star-wars-episode-iv-a-new-hope","id":11,"imdb_id":"tt0076759","original_language":"en","original_title":"Star
        Wars","overview":"Princess Leia is captured and held hostage by the evil Imperial
        forces in their effort to take over the galactic Empire. Venturesome Luke
        Skywalker and dashing captain Han Solo team together with the loveable robot
        duo R2-D2 and C-3PO to rescue the beautiful princess and restore peace and
        justice in the Empire.","popularity":65.71,"poster_path":"/6FfCtAuVAW8XJjZ7eWeLibRLWTw.jpg","production_companies":[{"id":1,"logo_path":"/o86DbpburjxrqAzEDhXZcyE8pDb.png","name":"Lucasfilm
        Ltd.","origin_country":"US"},{"id":25,"logo_path":"/qZCc1lty5FzX30aOCVRBLzaVmcp.png","name":"20th
        Century Fox","origin_country":"US"}],"production_countries":[{"iso_3166_1":"US","name":"United
        States of America"}],"release_date":"1977-05-25","revenue":775398007,"runtime":121,"spoken_languages":[{"english_name":"English","iso_639_1":"en","name":"English"}],"status":"Released","tagline":"A
        long time ago in a galaxy far, far away...","title":"Star Wars","video":false,"vote_average":8.206,"vote_count":17944}'
  recorded_at: Fri, 02 Dec 2022 02:22:05 GMT
recorded_with: VCR 6.1.0
