---
http_interactions:
- request:
    method: get
    uri: https://api.themoviedb.org/3/movie/11?api_key=<movie_api_key>
    body:
      encoding: US-ASCII
      string: ''
    headers:
      User-Agent:
      - Faraday v2.7.1
      Accept-Encoding:
      - gzip;q=1.0,deflate;q=0.6,identity;q=0.3
      Accept:
      - "*/*"
  response:
    status:
      code: 200
      message: OK
    headers:
      Content-Type:
      - application/json;charset=utf-8
      Transfer-Encoding:
      - chunked
      Connection:
      - keep-alive
      Date:
      - Thu, 01 Dec 2022 16:25:36 GMT
      Server:
      - openresty
      Cache-Control:
      - public, max-age=28800
      X-Memc:
      - HIT
      X-Memc-Key:
      - 7688a8b40b3d4871388fc7b0d863ea192783cd4e
      X-Memc-Age:
      - '7915'
      X-Memc-Expires:
      - '9649'
      Etag:
      - W/"6340f67fb1a61685b5726d6e5e9a7405"
      Vary:
      - Accept-Encoding,Accept-Encoding,Accept-Encoding
      - Origin
      X-Cache:
      - Hit from cloudfront
      Via:
      - 1.1 0ecc9d4faf14441bafb84971a4117abc.cloudfront.net (CloudFront)
      X-Amz-Cf-Pop:
      - DEN52-P2
      Alt-Svc:
      - h3=":443"; ma=86400
      X-Amz-Cf-Id:
      - ca39FpxOShZ0UumPpi5MHGv3O2n8IimU0-o--r_lX8pVGCoAt96zlA==
      Age:
      - '504'
    body:
      encoding: ASCII-8BIT
      string: '{"adult":false,"backdrop_path":"/xV7Kfz4TW3hN6q4xtZgu5vduBHA.jpg","belongs_to_collection":{"id":10,"name":"Star
        Wars Collection","poster_path":"/gq5Wi7i4SF3lo4HHkJasDV95xI9.jpg","backdrop_path":"/d8duYyyC9J5T825Hg7grmaabfxQ.jpg"},"budget":11000000,"genres":[{"id":12,"name":"Adventure"},{"id":28,"name":"Action"},{"id":878,"name":"Science
        Fiction"}],"homepage":"http://www.starwars.com/films/star-wars-episode-iv-a-new-hope","id":11,"imdb_id":"tt0076759","original_language":"en","original_title":"Star
        Wars","overview":"Princess Leia is captured and held hostage by the evil Imperial
        forces in their effort to take over the galactic Empire. Venturesome Luke
        Skywalker and dashing captain Han Solo team together with the loveable robot
        duo R2-D2 and C-3PO to rescue the beautiful princess and restore peace and
        justice in the Empire.","popularity":65.71,"poster_path":"/6FfCtAuVAW8XJjZ7eWeLibRLWTw.jpg","production_companies":[{"id":1,"logo_path":"/o86DbpburjxrqAzEDhXZcyE8pDb.png","name":"Lucasfilm
        Ltd.","origin_country":"US"},{"id":25,"logo_path":"/qZCc1lty5FzX30aOCVRBLzaVmcp.png","name":"20th
        Century Fox","origin_country":"US"}],"production_countries":[{"iso_3166_1":"US","name":"United
        States of America"}],"release_date":"1977-05-25","revenue":775398007,"runtime":121,"spoken_languages":[{"english_name":"English","iso_639_1":"en","name":"English"}],"status":"Released","tagline":"A
        long time ago in a galaxy far, far away...","title":"Star Wars","video":false,"vote_average":8.206,"vote_count":17942}'
  recorded_at: Thu, 01 Dec 2022 16:34:00 GMT
- request:
    method: get
    uri: https://api.themoviedb.org/3/movie/11?api_key=<movie_api_key>
    body:
      encoding: US-ASCII
      string: ''
    headers:
      User-Agent:
      - Faraday v2.7.1
      Accept-Encoding:
      - gzip;q=1.0,deflate;q=0.6,identity;q=0.3
      Accept:
      - "*/*"
  response:
    status:
      code: 200
      message: OK
    headers:
      Content-Type:
      - application/json;charset=utf-8
      Transfer-Encoding:
      - chunked
      Connection:
      - keep-alive
      Date:
      - Thu, 01 Dec 2022 16:25:36 GMT
      Server:
      - openresty
      Cache-Control:
      - public, max-age=28800
      X-Memc:
      - HIT
      X-Memc-Key:
      - 7688a8b40b3d4871388fc7b0d863ea192783cd4e
      X-Memc-Age:
      - '7915'
      X-Memc-Expires:
      - '9649'
      Etag:
      - W/"6340f67fb1a61685b5726d6e5e9a7405"
      Vary:
      - Accept-Encoding,Accept-Encoding,Accept-Encoding
      - Origin
      X-Cache:
      - Hit from cloudfront
      Via:
      - 1.1 3dc4c80cd959e984309833cac8f5a630.cloudfront.net (CloudFront)
      X-Amz-Cf-Pop:
      - DEN52-P2
      Alt-Svc:
      - h3=":443"; ma=86400
      X-Amz-Cf-Id:
      - "-M1tzBW3yTPATCLD7s7QT4KIiEHjjFnY_XRLjqXk5KqeXHo_sza3sQ=="
      Age:
      - '504'
    body:
      encoding: ASCII-8BIT
      string: '{"adult":false,"backdrop_path":"/xV7Kfz4TW3hN6q4xtZgu5vduBHA.jpg","belongs_to_collection":{"id":10,"name":"Star
        Wars Collection","poster_path":"/gq5Wi7i4SF3lo4HHkJasDV95xI9.jpg","backdrop_path":"/d8duYyyC9J5T825Hg7grmaabfxQ.jpg"},"budget":11000000,"genres":[{"id":12,"name":"Adventure"},{"id":28,"name":"Action"},{"id":878,"name":"Science
        Fiction"}],"homepage":"http://www.starwars.com/films/star-wars-episode-iv-a-new-hope","id":11,"imdb_id":"tt0076759","original_language":"en","original_title":"Star
        Wars","overview":"Princess Leia is captured and held hostage by the evil Imperial
        forces in their effort to take over the galactic Empire. Venturesome Luke
        Skywalker and dashing captain Han Solo team together with the loveable robot
        duo R2-D2 and C-3PO to rescue the beautiful princess and restore peace and
        justice in the Empire.","popularity":65.71,"poster_path":"/6FfCtAuVAW8XJjZ7eWeLibRLWTw.jpg","production_companies":[{"id":1,"logo_path":"/o86DbpburjxrqAzEDhXZcyE8pDb.png","name":"Lucasfilm
        Ltd.","origin_country":"US"},{"id":25,"logo_path":"/qZCc1lty5FzX30aOCVRBLzaVmcp.png","name":"20th
        Century Fox","origin_country":"US"}],"production_countries":[{"iso_3166_1":"US","name":"United
        States of America"}],"release_date":"1977-05-25","revenue":775398007,"runtime":121,"spoken_languages":[{"english_name":"English","iso_639_1":"en","name":"English"}],"status":"Released","tagline":"A
        long time ago in a galaxy far, far away...","title":"Star Wars","video":false,"vote_average":8.206,"vote_count":17942}'
  recorded_at: Thu, 01 Dec 2022 16:34:00 GMT
- request:
    method: get
    uri: https://api.themoviedb.org/3/movie/11?api_key=<movie_api_key>
    body:
      encoding: US-ASCII
      string: ''
    headers:
      User-Agent:
      - Faraday v2.7.1
      Accept-Encoding:
      - gzip;q=1.0,deflate;q=0.6,identity;q=0.3
      Accept:
      - "*/*"
  response:
    status:
      code: 200
      message: OK
    headers:
      Content-Type:
      - application/json;charset=utf-8
      Transfer-Encoding:
      - chunked
      Connection:
      - keep-alive
      Date:
      - Thu, 01 Dec 2022 16:25:36 GMT
      Server:
      - openresty
      Cache-Control:
      - public, max-age=28800
      X-Memc:
      - HIT
      X-Memc-Key:
      - 7688a8b40b3d4871388fc7b0d863ea192783cd4e
      X-Memc-Age:
      - '7915'
      X-Memc-Expires:
      - '9649'
      Etag:
      - W/"6340f67fb1a61685b5726d6e5e9a7405"
      Vary:
      - Accept-Encoding,Accept-Encoding,Accept-Encoding
      - Origin
      X-Cache:
      - Hit from cloudfront
      Via:
      - 1.1 badefad2d1fb92bb4620df1ce11d8c92.cloudfront.net (CloudFront)
      X-Amz-Cf-Pop:
      - DEN52-P2
      Alt-Svc:
      - h3=":443"; ma=86400
      X-Amz-Cf-Id:
      - IOG93OC_iFwBNpIa8eqRYINDjxCkN957xqpOwma98i7y-yFk-qCQ5Q==
      Age:
      - '504'
    body:
      encoding: ASCII-8BIT
      string: '{"adult":false,"backdrop_path":"/xV7Kfz4TW3hN6q4xtZgu5vduBHA.jpg","belongs_to_collection":{"id":10,"name":"Star
        Wars Collection","poster_path":"/gq5Wi7i4SF3lo4HHkJasDV95xI9.jpg","backdrop_path":"/d8duYyyC9J5T825Hg7grmaabfxQ.jpg"},"budget":11000000,"genres":[{"id":12,"name":"Adventure"},{"id":28,"name":"Action"},{"id":878,"name":"Science
        Fiction"}],"homepage":"http://www.starwars.com/films/star-wars-episode-iv-a-new-hope","id":11,"imdb_id":"tt0076759","original_language":"en","original_title":"Star
        Wars","overview":"Princess Leia is captured and held hostage by the evil Imperial
        forces in their effort to take over the galactic Empire. Venturesome Luke
        Skywalker and dashing captain Han Solo team together with the loveable robot
        duo R2-D2 and C-3PO to rescue the beautiful princess and restore peace and
        justice in the Empire.","popularity":65.71,"poster_path":"/6FfCtAuVAW8XJjZ7eWeLibRLWTw.jpg","production_companies":[{"id":1,"logo_path":"/o86DbpburjxrqAzEDhXZcyE8pDb.png","name":"Lucasfilm
        Ltd.","origin_country":"US"},{"id":25,"logo_path":"/qZCc1lty5FzX30aOCVRBLzaVmcp.png","name":"20th
        Century Fox","origin_country":"US"}],"production_countries":[{"iso_3166_1":"US","name":"United
        States of America"}],"release_date":"1977-05-25","revenue":775398007,"runtime":121,"spoken_languages":[{"english_name":"English","iso_639_1":"en","name":"English"}],"status":"Released","tagline":"A
        long time ago in a galaxy far, far away...","title":"Star Wars","video":false,"vote_average":8.206,"vote_count":17942}'
  recorded_at: Thu, 01 Dec 2022 16:34:00 GMT
- request:
    method: get
    uri: https://api.themoviedb.org/3/movie/550?api_key=<movie_api_key>
    body:
      encoding: US-ASCII
      string: ''
    headers:
      User-Agent:
      - Faraday v2.7.1
      Accept-Encoding:
      - gzip;q=1.0,deflate;q=0.6,identity;q=0.3
      Accept:
      - "*/*"
  response:
    status:
      code: 200
      message: OK
    headers:
      Content-Type:
      - application/json;charset=utf-8
      Transfer-Encoding:
      - chunked
      Connection:
      - keep-alive
      Date:
      - Thu, 01 Dec 2022 16:25:36 GMT
      Server:
      - openresty
      Cache-Control:
      - public, max-age=28800
      X-Memc:
      - HIT
      X-Memc-Key:
      - 8f3dc9fbf00ec8ef64b14b7080f4013a23d639da
      X-Memc-Age:
      - '13963'
      X-Memc-Expires:
      - '1368'
      Etag:
      - W/"c7b895329e707447a1de58d6e02080a1"
      Vary:
      - Accept-Encoding,Accept-Encoding,Accept-Encoding
      - Origin
      X-Cache:
      - Hit from cloudfront
      Via:
      - 1.1 16d72e0791ff01fc4470d27fc024527a.cloudfront.net (CloudFront)
      X-Amz-Cf-Pop:
      - DEN52-P2
      Alt-Svc:
      - h3=":443"; ma=86400
      X-Amz-Cf-Id:
      - DVHocp1OtCxqfqYW4evkZVWgI0WGks7BhqTiAzkVa5Em0BZ4oIZVIg==
      Age:
      - '504'
    body:
      encoding: ASCII-8BIT
      string: '{"adult":false,"backdrop_path":"/hZkgoQYus5vegHoetLkCJzb17zJ.jpg","belongs_to_collection":null,"budget":63000000,"genres":[{"id":18,"name":"Drama"},{"id":53,"name":"Thriller"},{"id":35,"name":"Comedy"}],"homepage":"http://www.foxmovies.com/movies/fight-club","id":550,"imdb_id":"tt0137523","original_language":"en","original_title":"Fight
        Club","overview":"A ticking-time-bomb insomniac and a slippery soap salesman
        channel primal male aggression into a shocking new form of therapy. Their
        concept catches on, with underground \"fight clubs\" forming in every town,
        until an eccentric gets in the way and ignites an out-of-control spiral toward
        oblivion.","popularity":91.06,"poster_path":"/pB8BM7pdSp6B6Ih7QZ4DrQ3PmJK.jpg","production_companies":[{"id":508,"logo_path":"/7cxRWzi4LsVm4Utfpr1hfARNurT.png","name":"Regency
        Enterprises","origin_country":"US"},{"id":711,"logo_path":"/tEiIH5QesdheJmDAqQwvtN60727.png","name":"Fox
        2000 Pictures","origin_country":"US"},{"id":4700,"logo_path":"/A32wmjrs9Psf4zw0uaixF0GXfxq.png","name":"The
        Linson Company","origin_country":"US"},{"id":20555,"logo_path":"/hD8yEGUBlHOcfHYbujp71vD8gZp.png","name":"Taurus
        Film","origin_country":"DE"},{"id":54051,"logo_path":null,"name":"Atman Entertainment","origin_country":""},{"id":54052,"logo_path":null,"name":"Knickerbocker
        Films","origin_country":"US"}],"production_countries":[{"iso_3166_1":"DE","name":"Germany"},{"iso_3166_1":"US","name":"United
        States of America"}],"release_date":"1999-10-15","revenue":100853753,"runtime":139,"spoken_languages":[{"english_name":"English","iso_639_1":"en","name":"English"}],"status":"Released","tagline":"Mischief.
        Mayhem. Soap.","title":"Fight Club","video":false,"vote_average":8.428,"vote_count":25242}'
  recorded_at: Thu, 01 Dec 2022 16:34:00 GMT
- request:
    method: get
    uri: https://api.themoviedb.org/3/movie/550?api_key=<movie_api_key>
    body:
      encoding: US-ASCII
      string: ''
    headers:
      User-Agent:
      - Faraday v2.7.1
      Accept-Encoding:
      - gzip;q=1.0,deflate;q=0.6,identity;q=0.3
      Accept:
      - "*/*"
  response:
    status:
      code: 200
      message: OK
    headers:
      Content-Type:
      - application/json;charset=utf-8
      Transfer-Encoding:
      - chunked
      Connection:
      - keep-alive
      Date:
      - Thu, 01 Dec 2022 16:25:36 GMT
      Server:
      - openresty
      Cache-Control:
      - public, max-age=28800
      X-Memc:
      - HIT
      X-Memc-Key:
      - 8f3dc9fbf00ec8ef64b14b7080f4013a23d639da
      X-Memc-Age:
      - '13963'
      X-Memc-Expires:
      - '1368'
      Etag:
      - W/"c7b895329e707447a1de58d6e02080a1"
      Vary:
      - Accept-Encoding,Accept-Encoding,Accept-Encoding
      - Origin
      X-Cache:
      - Hit from cloudfront
      Via:
      - 1.1 befcfd7ee847a3c890471f27612dbcde.cloudfront.net (CloudFront)
      X-Amz-Cf-Pop:
      - DEN52-P2
      Alt-Svc:
      - h3=":443"; ma=86400
      X-Amz-Cf-Id:
      - AMusfYUt2nttEXSwMstZLrxm_5_L5_kIuaq6tn4YvKdj1BSNB6KHnw==
      Age:
      - '504'
    body:
      encoding: ASCII-8BIT
      string: '{"adult":false,"backdrop_path":"/hZkgoQYus5vegHoetLkCJzb17zJ.jpg","belongs_to_collection":null,"budget":63000000,"genres":[{"id":18,"name":"Drama"},{"id":53,"name":"Thriller"},{"id":35,"name":"Comedy"}],"homepage":"http://www.foxmovies.com/movies/fight-club","id":550,"imdb_id":"tt0137523","original_language":"en","original_title":"Fight
        Club","overview":"A ticking-time-bomb insomniac and a slippery soap salesman
        channel primal male aggression into a shocking new form of therapy. Their
        concept catches on, with underground \"fight clubs\" forming in every town,
        until an eccentric gets in the way and ignites an out-of-control spiral toward
        oblivion.","popularity":91.06,"poster_path":"/pB8BM7pdSp6B6Ih7QZ4DrQ3PmJK.jpg","production_companies":[{"id":508,"logo_path":"/7cxRWzi4LsVm4Utfpr1hfARNurT.png","name":"Regency
        Enterprises","origin_country":"US"},{"id":711,"logo_path":"/tEiIH5QesdheJmDAqQwvtN60727.png","name":"Fox
        2000 Pictures","origin_country":"US"},{"id":4700,"logo_path":"/A32wmjrs9Psf4zw0uaixF0GXfxq.png","name":"The
        Linson Company","origin_country":"US"},{"id":20555,"logo_path":"/hD8yEGUBlHOcfHYbujp71vD8gZp.png","name":"Taurus
        Film","origin_country":"DE"},{"id":54051,"logo_path":null,"name":"Atman Entertainment","origin_country":""},{"id":54052,"logo_path":null,"name":"Knickerbocker
        Films","origin_country":"US"}],"production_countries":[{"iso_3166_1":"DE","name":"Germany"},{"iso_3166_1":"US","name":"United
        States of America"}],"release_date":"1999-10-15","revenue":100853753,"runtime":139,"spoken_languages":[{"english_name":"English","iso_639_1":"en","name":"English"}],"status":"Released","tagline":"Mischief.
        Mayhem. Soap.","title":"Fight Club","video":false,"vote_average":8.428,"vote_count":25242}'
  recorded_at: Thu, 01 Dec 2022 16:34:00 GMT
- request:
    method: get
    uri: https://api.themoviedb.org/3/movie/550?api_key=<movie_api_key>
    body:
      encoding: US-ASCII
      string: ''
    headers:
      User-Agent:
      - Faraday v2.7.1
      Accept-Encoding:
      - gzip;q=1.0,deflate;q=0.6,identity;q=0.3
      Accept:
      - "*/*"
  response:
    status:
      code: 200
      message: OK
    headers:
      Content-Type:
      - application/json;charset=utf-8
      Transfer-Encoding:
      - chunked
      Connection:
      - keep-alive
      Date:
      - Thu, 01 Dec 2022 16:25:36 GMT
      Server:
      - openresty
      Cache-Control:
      - public, max-age=28800
      X-Memc:
      - HIT
      X-Memc-Key:
      - 8f3dc9fbf00ec8ef64b14b7080f4013a23d639da
      X-Memc-Age:
      - '13963'
      X-Memc-Expires:
      - '1368'
      Etag:
      - W/"c7b895329e707447a1de58d6e02080a1"
      Vary:
      - Accept-Encoding,Accept-Encoding,Accept-Encoding
      - Origin
      X-Cache:
      - Hit from cloudfront
      Via:
      - 1.1 cf7db6af8b8a86ebeb9fc938221e81da.cloudfront.net (CloudFront)
      X-Amz-Cf-Pop:
      - DEN52-P2
      Alt-Svc:
      - h3=":443"; ma=86400
      X-Amz-Cf-Id:
      - oXWezjG1f_OaO62x-anEZMOHxJ-24_ivh5wiSTbRYua5IsCjvxudgg==
      Age:
      - '505'
    body:
      encoding: ASCII-8BIT
      string: '{"adult":false,"backdrop_path":"/hZkgoQYus5vegHoetLkCJzb17zJ.jpg","belongs_to_collection":null,"budget":63000000,"genres":[{"id":18,"name":"Drama"},{"id":53,"name":"Thriller"},{"id":35,"name":"Comedy"}],"homepage":"http://www.foxmovies.com/movies/fight-club","id":550,"imdb_id":"tt0137523","original_language":"en","original_title":"Fight
        Club","overview":"A ticking-time-bomb insomniac and a slippery soap salesman
        channel primal male aggression into a shocking new form of therapy. Their
        concept catches on, with underground \"fight clubs\" forming in every town,
        until an eccentric gets in the way and ignites an out-of-control spiral toward
        oblivion.","popularity":91.06,"poster_path":"/pB8BM7pdSp6B6Ih7QZ4DrQ3PmJK.jpg","production_companies":[{"id":508,"logo_path":"/7cxRWzi4LsVm4Utfpr1hfARNurT.png","name":"Regency
        Enterprises","origin_country":"US"},{"id":711,"logo_path":"/tEiIH5QesdheJmDAqQwvtN60727.png","name":"Fox
        2000 Pictures","origin_country":"US"},{"id":4700,"logo_path":"/A32wmjrs9Psf4zw0uaixF0GXfxq.png","name":"The
        Linson Company","origin_country":"US"},{"id":20555,"logo_path":"/hD8yEGUBlHOcfHYbujp71vD8gZp.png","name":"Taurus
        Film","origin_country":"DE"},{"id":54051,"logo_path":null,"name":"Atman Entertainment","origin_country":""},{"id":54052,"logo_path":null,"name":"Knickerbocker
        Films","origin_country":"US"}],"production_countries":[{"iso_3166_1":"DE","name":"Germany"},{"iso_3166_1":"US","name":"United
        States of America"}],"release_date":"1999-10-15","revenue":100853753,"runtime":139,"spoken_languages":[{"english_name":"English","iso_639_1":"en","name":"English"}],"status":"Released","tagline":"Mischief.
        Mayhem. Soap.","title":"Fight Club","video":false,"vote_average":8.428,"vote_count":25242}'
  recorded_at: Thu, 01 Dec 2022 16:34:00 GMT
recorded_with: VCR 6.1.0
